[{"Code":"IDURA-CRYPTO-001","Fixes":[],"Message":"Do not use your own instance of RNGCryptoServiceProvider. Depend on a global RNG pool to ensure stability of the generator.","Range":{"End":{"Line":5,"Column":40},"EndColumn":40,"EndLine":5,"FileName":"A.fs","Start":{"Line":5,"Column":10},"StartColumn":10,"StartLine":5},"Severity":{"Case":"Warning"},"Type":"Do not use your own random generator instance"}]
