[{"Code":"IDURA-CRYPTO-001","Fixes":[],"Message":"Do not use your own instance of RNGCryptoServiceProvider. Depend on a global RNG pool to ensure stability of the generator.","Range":{"End":{"Line":6,"Column":31},"EndColumn":31,"EndLine":6,"FileName":"A.fs","Start":{"Line":6,"Column":1},"StartColumn":1,"StartLine":6},"Severity":{"Case":"Warning"},"Type":"Do not use your own random generator instance"}]
