[{"Code":"IDURA-CRYPTO-001","Fixes":[],"Message":"Do not use your own instance of RNGCryptoServiceProvider. Depend on a global RNG pool to ensure stability of the generator.","Range":{"End":{"Line":3,"Column":69},"EndColumn":69,"EndLine":3,"FileName":"A.fs","Start":{"Line":3,"Column":10},"StartColumn":10,"StartLine":3},"Severity":{"Case":"Warning"},"Type":"Do not use your own random generator instance"}]
