[{"Code":"IDURA-DO-IGNORE-004","Fixes":[],"Message":"The pattern do! ... |\u003E TaskResult.map ignore is dangerous because it makes it easy to accidentally ignore errors.","Range":{"End":{"Line":17,"Column":43},"EndColumn":43,"EndLine":17,"FileName":"A.fs","Start":{"Line":17,"Column":4},"StartColumn":4,"StartLine":17},"Severity":{"Case":"Error"},"Type":"Do not ignore results in do! statements"}]
