[{"Code":"IDURA-RESULT-006","Fixes":[],"Message":"Double-wrapping values in Result is often caused by accidentally ignoring an error: validate2","Range":{"End":{"Line":20,"Column":17},"EndColumn":17,"EndLine":20,"FileName":"A.fs","Start":{"Line":20,"Column":8},"StartColumn":8,"StartLine":20},"Severity":{"Case":"Warning"},"Type":"Did you mean to wrap this value in Result twice?"}]
