[{"Code":"CRI-XUNIT-001","Fixes":[],"Message":"Arguments with data supplied via the InlineData annotation must have type annotations: placeholder","Range":{"End":{"Line":10,"Column":34},"EndColumn":34,"EndLine":10,"FileName":"A.fs","Start":{"Line":10,"Column":23},"StartColumn":23,"StartLine":10},"Severity":{"Case":"Warning"},"Type":"Missing type annotations in XUnit InlineData argument"}]
