[{"Code":"IDURA-XUNIT-001","Fixes":[],"Message":"Arguments with data supplied via the InlineData annotation must have type annotations: a","Range":{"End":{"Line":10,"Column":14},"EndColumn":14,"EndLine":10,"FileName":"A.fs","Start":{"Line":10,"Column":13},"StartColumn":13,"StartLine":10},"Severity":{"Case":"Warning"},"Type":"Missing type annotations in XUnit InlineData argument"}]
