[{"Code":"IDURA-XUNIT-002","Fixes":[],"Message":"Test functions tagged with the XUnit Fact attribute must have a unit argument or the test runner will not execute them: test","Range":{"End":{"Line":6,"Column":8},"EndColumn":8,"EndLine":6,"FileName":"A.fs","Start":{"Line":6,"Column":4},"StartColumn":4,"StartLine":6},"Severity":{"Case":"Warning"},"Type":"Missing unit argument in function with Fact attribute"}]
