[{"Code":"CRI-XUNIT-002","Fixes":[],"Message":"Test functions tagged with the XUnit Fact attribute must have a unit argument or the test runner will not execute them: test","Range":{"End":{"Line":7,"Column":10},"EndColumn":10,"EndLine":7,"FileName":"A.fs","Start":{"Line":7,"Column":6},"StartColumn":6,"StartLine":7},"Severity":{"Case":"Warning"},"Type":"Missing unit argument in function with Fact attribute"}]
