[{"Code":"CRI-XUNIT-001","Fixes":[],"Message":"Arguments with data supplied via the InlineData annotation must have type annotations: a","Range":{"End":{"Line":8,"Column":16},"EndColumn":16,"EndLine":8,"FileName":"A.fs","Start":{"Line":8,"Column":15},"StartColumn":15,"StartLine":8},"Severity":{"Case":"Warning"},"Type":"Missing type annotations in XUnit InlineData argument"}]
