[{"Code":"IDURA-URI-001","Fixes":[],"Message":"Uri and UriBuilder constructors throw on malformed input. Prefer Uri.TryCreate so the failure can be handled as a value.","Range":{"End":{"Line":3,"Column":51},"EndColumn":51,"EndLine":3,"FileName":"A.fs","Start":{"Line":3,"Column":41},"StartColumn":41,"StartLine":3},"Severity":{"Case":"Error"},"Type":"Throwing Uri or UriBuilder constructor"}]
