[{"Code":"IDURA-URI-001","Fixes":[],"Message":"Uri and UriBuilder constructors throw on malformed input. Prefer Uri.TryCreate so the failure can be handled as a value.","Range":{"End":{"Line":8,"Column":7},"EndColumn":7,"EndLine":8,"FileName":"A.fs","Start":{"Line":8,"Column":4},"StartColumn":4,"StartLine":8},"Severity":{"Case":"Error"},"Type":"Throwing Uri or UriBuilder constructor"}]
