[{"Code":"IDURA-URI-001","Fixes":[],"Message":"Uri and UriBuilder constructors throw on malformed input. Prefer Uri.TryCreate so the failure can be handled as a value.","Range":{"End":{"Line":7,"Column":37},"EndColumn":37,"EndLine":7,"FileName":"A.fs","Start":{"Line":7,"Column":34},"StartColumn":34,"StartLine":7},"Severity":{"Case":"Error"},"Type":"Throwing Uri or UriBuilder constructor"}]
