[{"Code":"IDURA-URI-001","Fixes":[],"Message":"Uri and UriBuilder constructors throw on malformed input. Prefer Uri.TryCreate so the failure can be handled as a value.","Range":{"End":{"Line":5,"Column":41},"EndColumn":41,"EndLine":5,"FileName":"A.fs","Start":{"Line":5,"Column":38},"StartColumn":38,"StartLine":5},"Severity":{"Case":"Error"},"Type":"Throwing Uri or UriBuilder constructor"}]
