[{"Code":"IDURA-URI-001","Fixes":[],"Message":"This throwing constructor is suppressed with IDURA-URI-ALLOW-THROW, but no reason is given. Put a comment starting with \u0027Should throw because:\u0027 above the directive, saying why throwing is what you want here.","Range":{"End":{"Line":8,"Column":31},"EndColumn":31,"EndLine":8,"FileName":"A.fs","Start":{"Line":8,"Column":28},"StartColumn":28,"StartLine":8},"Severity":{"Case":"Error"},"Type":"Throwing Uri or UriBuilder constructor"}]
