[{"Code":"IDURA-URI-001","Fixes":[],"Message":"This throwing constructor is suppressed with IDURA-URI-ALLOW-THROW, but no reason is given. Put a comment starting with \u0027Should throw because:\u0027 above the directive, saying why throwing is what you want here.","Range":{"End":{"Line":6,"Column":31},"EndColumn":31,"EndLine":6,"FileName":"A.fs","Start":{"Line":6,"Column":28},"StartColumn":28,"StartLine":6},"Severity":{"Case":"Error"},"Type":"Throwing Uri or UriBuilder constructor"},{"Code":"IDURA-URI-001","Fixes":[],"Message":"This throwing constructor is suppressed with IDURA-URI-ALLOW-THROW, but no reason is given. Put a comment starting with \u0027Should throw because:\u0027 above the directive, saying why throwing is what you want here.","Range":{"End":{"Line":7,"Column":38},"EndColumn":38,"EndLine":7,"FileName":"A.fs","Start":{"Line":7,"Column":28},"StartColumn":28,"StartLine":7},"Severity":{"Case":"Error"},"Type":"Throwing Uri or UriBuilder constructor"}]
